[debug] > Exec(early(addDefaultCommands), None, None)
[debug] > Exec(addDefaultCommands, None, None)
[debug] > Exec(early(initialize), None, None)
[debug] > Exec(initialize, None, None)
[debug] > Exec(boot, None, None)
[debug] > Exec(writeSbtVersion, None, None)
[debug] > Exec(reload, None, None)
[debug] > Exec(sbtStashOnFailure, None, None)
[debug] > Exec(onFailure loadFailed, None, None)
[debug] > Exec(loadp, None, None)
[info] welcome to sbt 1.9.0 (Ubuntu Java 11.0.29)
[debug] Load.defaultLoad until apply took 212.219835ms
[debug]           Load.loadUnit: plugins took 260.937412ms
[debug]           Load.loadUnit: defsScala took 0.594945ms
[debug] [Loading] Scanning directory /home/bharathwaj/Code/MnemoPhi/mnemoCast/backend/project
[debug] [Loading] Found non-root projects 
[debug] [Loading] Done in /home/bharathwaj/Code/MnemoPhi/mnemoCast/backend/project, returning: ()
[debug] deducing auto plugins based on known facts Set(Atom(sbt.plugins.CorePlugin)) and clauses Clauses(Clause(Atom(sbt.plugins.JvmPlugin),Set(Atom(sbt.plugins.IvyPlugin)))
[debug] Clause(Atom(sbt.ScriptedPlugin),Set(Atom(sbt.plugins.JvmPlugin)))
[debug] Clause(Atom(sbt.plugins.SbtPlugin),Set(Atom(sbt.ScriptedPlugin)))
[debug] Clause(Atom(sbt.plugins.SemanticdbPlugin),Set(Atom(sbt.plugins.JvmPlugin)))
[debug] Clause(Atom(sbt.plugins.JUnitXmlReportPlugin),Set(Atom(sbt.plugins.JvmPlugin)))
[debug] Clause(Atom(sbt.plugins.MiniDependencyTreePlugin),Set(Atom(sbt.plugins.JvmPlugin)))
[debug] Clause(Atom(sbt.plugins.CorePlugin),Set(Atom(sbt.plugins.IvyPlugin)))
[debug] Clause(Atom(sbt.plugins.IvyPlugin),Set(Atom(sbt.plugins.JvmPlugin)))
[debug] Clause(Atom(sbt.plugins.JvmPlugin),Set(Atom(sbt.plugins.SemanticdbPlugin)))
[debug] Clause(Atom(sbt.plugins.JvmPlugin),Set(Atom(sbt.plugins.JUnitXmlReportPlugin)))
[debug] Clause(Atom(sbt.plugins.CorePlugin),Set(Atom(sbt.plugins.Giter8TemplatePlugin)))
[debug] Clause(Atom(sbt.plugins.JvmPlugin),Set(Atom(sbt.plugins.MiniDependencyTreePlugin))))
[debug]   :: deduced result: Matched(sbt.plugins.CorePlugin,sbt.plugins.Giter8TemplatePlugin,sbt.plugins.IvyPlugin,sbt.plugins.JvmPlugin,sbt.plugins.MiniDependencyTreePlugin,sbt.plugins.JUnitXmlReportPlugin,sbt.plugins.SemanticdbPlugin)
[debug] Plugins.deducer#function took 44.701823 ms
[debug]               Load.resolveProject(backend-build) took 95.032639ms
[debug]             Load.loadTransitive: finalizeProject(Project(id backend-build, base: /home/bharathwaj/Code/MnemoPhi/mnemoCast/backend/project, plugins: List(<none>))) took 219.37926ms
[debug] [Loading] Done in /home/bharathwaj/Code/MnemoPhi/mnemoCast/backend/project, returning: (backend-build)
[debug]           Load.loadUnit: loadedProjectsRaw took 294.322633ms
[debug]           Load.loadUnit: cleanEvalClasses took 0.572472ms
[debug]         Load.loadUnit(file:/home/bharathwaj/Code/MnemoPhi/mnemoCast/backend/project/, ...) took 568.036331ms
[debug]       Load.apply: load took 985.127179ms
[debug]       Load.apply: resolveProjects took 15.617289ms
[debug]       Load.apply: finalTransforms took 369.835012ms
[debug]       Load.apply: config.delegates took 19.209554ms
[debug]       Load.apply: Def.make(settings)... took 1546.464821ms
[debug]       Load.apply: structureIndex took 393.535906ms
[debug]       Load.apply: mkStreams took 2.770039ms
[info] loading project definition from /home/bharathwaj/Code/MnemoPhi/mnemoCast/backend/project
[debug] Running task... Cancel: Signal, check cycles: false, forcegc: true
[debug]     Load.loadUnit: plugins took 5265.77128ms
[debug]     Load.loadUnit: defsScala took 0.009278ms
[debug] [Loading] Scanning directory /home/bharathwaj/Code/MnemoPhi/mnemoCast/backend
[debug]       Load.loadUnit: mkEval took 10.436741ms
